[
  {
    "id": "hm-tech-001",
    "name": "Strong Technical Answer with Architecture Focus",
    "persona": "hiring-manager",
    "theme": "technical",
    "answer": "In my role as a Principal Engineer at CloudScale, I was responsible for designing a microservices architecture to replace our monolithic legacy system serving 10M daily users. The situation was complex because we needed to maintain 99.9% uptime during the migration while supporting business growth. My task was to create a scalable, maintainable architecture that could handle 5x growth over 2 years. I took action by conducting a comprehensive system analysis, designing a domain-driven architecture with 15 microservices, implementing API gateways and service mesh, and establishing event-driven communication patterns. I also created migration strategies for zero-downtime deployments and implemented comprehensive monitoring and observability. The result was a successful migration completed in 8 months with zero service interruptions, 40% improvement in system performance, and architecture that supported scaling to 50M daily users. The new system also enabled faster feature development with 60% reduction in deployment times.",
    "expectedScores": {
      "overall": 93,
      "subscores": {
        "structure": 95,
        "specificity": 90,
        "outcome": 95,
        "role": 95,
        "company": 85,
        "persona": 90,
        "risks": 85
      }
    },
    "tolerance": {
      "overall": 3,
      "subscores": 3
    },
    "metadata": {
      "description": "Excellent technical answer with architecture focus and scalability considerations",
      "difficulty": "easy",
      "created": "2024-10-21",
      "version": "2.0"
    }
  },
  {
    "id": "hm-tech-002",
    "name": "Technical Answer with Performance Optimization",
    "persona": "hiring-manager",
    "theme": "technical",
    "answer": "At my previous company, I led a performance optimization initiative for our data processing pipeline that was struggling with 4-hour processing times for 100GB datasets. The situation was critical because our analytics team couldn't meet daily reporting deadlines, affecting business decision-making. My task was to reduce processing time by at least 50% while maintaining data accuracy. I took action by profiling the existing pipeline, identifying bottlenecks in data serialization and network I/O, implementing parallel processing with Apache Spark, and optimizing database queries with proper indexing. I also introduced data partitioning strategies and implemented caching layers. The result was a 75% reduction in processing time to 1 hour, enabling real-time analytics capabilities and improving data freshness from daily to hourly updates.",
    "expectedScores": {
      "overall": 88,
      "subscores": {
        "structure": 90,
        "specificity": 85,
        "outcome": 90,
        "role": 90,
        "company": 80,
        "persona": 85,
        "risks": 85
      }
    },
    "tolerance": {
      "overall": 3,
      "subscores": 3
    },
    "metadata": {
      "description": "Strong technical answer with performance optimization and measurable improvements",
      "difficulty": "medium",
      "created": "2024-10-21",
      "version": "2.0"
    }
  },
  {
    "id": "hm-tech-003",
    "name": "Technical Answer with Security Focus",
    "persona": "hiring-manager",
    "theme": "technical",
    "answer": "During my tenure as a Security Architect at FinTech Solutions, I was tasked with implementing a comprehensive security framework for our payment processing system handling $2B in annual transactions. The situation was challenging because we needed to meet PCI DSS compliance while maintaining system performance and user experience. My task was to design and implement security measures that would protect against both external threats and internal vulnerabilities. I took action by conducting a security audit, implementing multi-factor authentication, encrypting data at rest and in transit, establishing secure coding practices, and implementing real-time threat monitoring. I also created incident response procedures and conducted regular security training for the development team. The result was successful PCI DSS certification, zero security breaches in 18 months, and a 99.99% uptime rate. We also passed multiple third-party security audits with flying colors.",
    "expectedScores": {
      "overall": 91,
      "subscores": {
        "structure": 90,
        "specificity": 90,
        "outcome": 95,
        "role": 95,
        "company": 90,
        "persona": 85,
        "risks": 80
      }
    },
    "tolerance": {
      "overall": 3,
      "subscores": 3
    },
    "metadata": {
      "description": "Excellent technical answer with security focus and compliance achievements",
      "difficulty": "easy",
      "created": "2024-10-21",
      "version": "2.0"
    }
  },
  {
    "id": "hm-tech-004",
    "name": "Technical Answer with AI/ML Implementation",
    "persona": "hiring-manager",
    "theme": "technical",
    "answer": "In my role as a Senior Data Scientist at RetailAI, I led the development of a machine learning recommendation system to replace our rule-based approach that was only achieving 12% click-through rates. The situation required a complete overhaul of our recommendation engine to improve customer engagement and increase revenue. My task was to design and implement an ML system that could handle 50M daily interactions while providing personalized recommendations. I took action by building a collaborative filtering model using TensorFlow, implementing A/B testing frameworks, and creating real-time feature engineering pipelines. I also established model monitoring and retraining procedures, and integrated the system with our existing e-commerce platform. The result was a 300% improvement in click-through rates to 36%, 25% increase in average order value, and $5M additional revenue in the first year. The system also reduced recommendation computation time from 2 seconds to 200ms.",
    "expectedScores": {
      "overall": 89,
      "subscores": {
        "structure": 85,
        "specificity": 90,
        "outcome": 95,
        "role": 90,
        "company": 85,
        "persona": 85,
        "risks": 80
      }
    },
    "tolerance": {
      "overall": 3,
      "subscores": 3
    },
    "metadata": {
      "description": "Strong technical answer with AI/ML implementation and business impact",
      "difficulty": "medium",
      "created": "2024-10-21",
      "version": "2.0"
    }
  },
  {
    "id": "hm-tech-005",
    "name": "Technical Answer with DevOps and Infrastructure",
    "persona": "hiring-manager",
    "theme": "technical",
    "answer": "As a DevOps Engineer at CloudNative Corp, I was responsible for modernizing our deployment pipeline that was taking 3 hours for production deployments with frequent failures. The situation was problematic because our development team was spending 40% of their time on deployment issues instead of feature development. My task was to implement a robust CI/CD pipeline that would enable reliable, fast deployments. I took action by containerizing our applications with Docker, implementing Kubernetes orchestration, setting up automated testing in the pipeline, and establishing blue-green deployment strategies. I also implemented comprehensive monitoring, logging, and alerting systems, and created disaster recovery procedures. The result was a 90% reduction in deployment time to 18 minutes, 95% reduction in deployment failures, and enabled daily deployments instead of weekly. This transformation increased developer productivity by 35% and reduced production incidents by 60%.",
    "expectedScores": {
      "overall": 87,
      "subscores": {
        "structure": 85,
        "specificity": 85,
        "outcome": 90,
        "role": 90,
        "company": 80,
        "persona": 85,
        "risks": 80
      }
    },
    "tolerance": {
      "overall": 3,
      "subscores": 3
    },
    "metadata": {
      "description": "Strong technical answer with DevOps focus and infrastructure improvements",
      "difficulty": "medium",
      "created": "2024-10-21",
      "version": "2.0"
    }
  }
]
